Welcome to Git (version 1.8.4-preview20130916)


Run 'git help git' to display the help index.
Run 'git help <command>' to display help for specific commands.

Tom@SILVERSURFER ~
$ pip install virtualenv
Collecting virtualenv
  Downloading virtualenv-20.6.0-py2.py3-none-any.whl (5.3 MB)
     |████████████████████████████████| 5.3 MB 47 kB/s
Collecting backports.entry-points-selectable>=1.0.4
  Downloading backports.entry_points_selectable-1.1.0-py2.py3-none-any.whl (6.2 kB)
Collecting distlib<1,>=0.3.1
  Downloading distlib-0.3.2-py2.py3-none-any.whl (338 kB)
     |████████████████████████████████| 338 kB 3.2 MB/s
Collecting six<2,>=1.9.0
  Downloading six-1.16.0-py2.py3-none-any.whl (11 kB)
Collecting platformdirs<3,>=2
  Downloading platformdirs-2.1.0-py3-none-any.whl (13 kB)
Collecting filelock<4,>=3.0.0
  Downloading filelock-3.0.12-py3-none-any.whl (7.6 kB)
Installing collected packages: six, platformdirs, filelock, distlib, backports.entry-points-selectable, virtualenv
Successfully installed backports.entry-points-selectable-1.1.0 distlib-0.3.2 filelock-3.0.12 platformdirs-2.1.0 six-1.16.0 virtualenv-20.6.0

Tom@SILVERSURFER ~
$ cd /c

Tom@SILVERSURFER /c
$ cd Projects/

Tom@SILVERSURFER /c/Projects
$ ls
CodeDeployGitHubDemo  Java  Matlab  Visual Studio  infinitemd  php  python

Tom@SILVERSURFER /c/Projects
$ cd python

Tom@SILVERSURFER /c/Projects/python
$ ls
flask_server

Tom@SILVERSURFER /c/Projects/python
$ cd flask_server/

Tom@SILVERSURFER /c/Projects/python/flask_server
$ ls

Tom@SILVERSURFER /c/Projects/python/flask_server
$ activate
sh.exe": activate: command not found

Tom@SILVERSURFER /c/Projects/python/flask_server
$ virtualenv activate
created virtual environment CPython3.9.6.final.0-64 in 7480ms
  creator CPython3Windows(dest=C:\Projects\python\flask_server\activate, clear=False, no_vcs_ignore=False, global=False)
  seeder FromAppData(download=False, pip=bundle, setuptools=bundle, wheel=bundle, via=copy, app_data_dir=C:\Users\Tom\AppData\Local\pypa\virtualenv)
    added seed packages: pip==21.1.3, setuptools==57.1.0, wheel==0.36.2
  activators BashActivator,BatchActivator,FishActivator,PowerShellActivator,PythonActivator,XonshActivator

Tom@SILVERSURFER /c/Projects/python/flask_server
$ ls
activate

Tom@SILVERSURFER /c/Projects/python/flask_server
$ source activate
sh.exe": source: activate: is a directory

Tom@SILVERSURFER /c/Projects/python/flask_server
$ ls
activate

Tom@SILVERSURFER /c/Projects/python/flask_server
$ ls -la
total 0
drwxr-xr-x    1 Tom      Administ        0 Jul 28 21:51 .
drwxr-xr-x    1 Tom      Administ        0 Jul 28 21:42 ..
drwxr-xr-x    1 Tom      Administ        0 Jul 28 21:51 activate

Tom@SILVERSURFER /c/Projects/python/flask_server
$ cd activate

Tom@SILVERSURFER /c/Projects/python/flask_server/activate
$ ls
Lib  Scripts  pyvenv.cfg

Tom@SILVERSURFER /c/Projects/python/flask_server/activate
$ ls Scripts/
activate      activate.fish  activate.xsh      deactivate.bat  pip.exe     pip3.exe   python.exe   wheel-3.9.exe  wheel3.9.exe
activate.bat  activate.ps1   activate_this.py  pip-3.9.exe     pip3.9.exe  pydoc.bat  pythonw.exe  wheel.exe      wheel3.exe

Tom@SILVERSURFER /c/Projects/python/flask_server/activate
$ cd ..

Tom@SILVERSURFER /c/Projects/python/flask_server
$ source activate/Scripts/activate
(C:\Projects\python\flask_serverctivate)
Tom@SILVERSURFER /c/Projects/python/flask_server
$ ls
activate
(C:\Projects\python\flask_serverctivate)
Tom@SILVERSURFER /c/Projects/python/flask_server
$ ls
activate
(C:\Projects\python\flask_serverctivate)
Tom@SILVERSURFER /c/Projects/python/flask_server
$ ls
activate
(C:\Projects\python\flask_serverctivate)
Tom@SILVERSURFER /c/Projects/python/flask_server
$ dir
sh.exe": dir: command not found
(C:\Projects\python\flask_serverctivate)
Tom@SILVERSURFER /c/Projects/python/flask_server
$ pwd
/c/Projects/python/flask_server
(C:\Projects\python\flask_serverctivate)
Tom@SILVERSURFER /c/Projects/python/flask_server
$ pip install flask
Collecting flask
  Using cached Flask-2.0.1-py3-none-any.whl (94 kB)
Collecting click>=7.1.2
  Using cached click-8.0.1-py3-none-any.whl (97 kB)
Collecting itsdangerous>=2.0
  Using cached itsdangerous-2.0.1-py3-none-any.whl (18 kB)
Collecting Werkzeug>=2.0
  Using cached Werkzeug-2.0.1-py3-none-any.whl (288 kB)
Collecting Jinja2>=3.0
  Using cached Jinja2-3.0.1-py3-none-any.whl (133 kB)
Collecting colorama
  Using cached colorama-0.4.4-py2.py3-none-any.whl (16 kB)
Collecting MarkupSafe>=2.0
  Using cached MarkupSafe-2.0.1-cp39-cp39-win_amd64.whl (14 kB)
Installing collected packages: MarkupSafe, colorama, Werkzeug, Jinja2, itsdangerous, click, flask
Successfully installed Jinja2-3.0.1 MarkupSafe-2.0.1 Werkzeug-2.0.1 click-8.0.1 colorama-0.4.4 flask-2.0.1 itsdangerous-2.0.1
WARNING: You are using pip version 21.1.3; however, version 21.2.1 is available.
You should consider upgrading via the 'C:\Projects\python\flask_server\activate\Scripts\python.exe -m pip install --upgrade pip' command.
(C:\Projects\python\flask_serverctivate)
Tom@SILVERSURFER /c/Projects/python/flask_server
$ python -c "import flask; print(flask.__version__)"
2.0.1
(C:\Projects\python\flask_serverctivate)
Tom@SILVERSURFER /c/Projects/python/flask_server
$ vim hello.py
(C:\Projects\python\flask_serverctivate)
Tom@SILVERSURFER /c/Projects/python/flask_server
$ ls
activate  hello.py
(C:\Projects\python\flask_serverctivate)
Tom@SILVERSURFER /c/Projects/python/flask_server
$ export FLASK_APP=hello
(C:\Projects\python\flask_serverctivate)
Tom@SILVERSURFER /c/Projects/python/flask_server
$ export FLASK_ENV=development
(C:\Projects\python\flask_serverctivate)
Tom@SILVERSURFER /c/Projects/python/flask_server
$ flask run
 * Serving Flask app 'hello' (lazy loading)
 * Environment: development
 * Debug mode: on
 * Restarting with stat
 * Debugger is active!
 * Debugger PIN: 897-744-098
 * Running on http://127.0.0.1:5000/ (Press CTRL+C to quit)
127.0.0.1 - - [28/Jul/2021 22:00:29] "GET / HTTP/1.1" 200 -
127.0.0.1 - - [28/Jul/2021 22:00:30] "GET /favicon.ico HTTP/1.1" 404 -

(C:\Projects\python\flask_serverctivate)
Tom@SILVERSURFER /c/Projects/python/flask_server
$ flask run --host 192.168.86.176
 * Serving Flask app 'hello' (lazy loading)
 * Environment: development
 * Debug mode: on
 * Restarting with stat
 * Debugger is active!
 * Debugger PIN: 897-744-098
 * Running on http://192.168.86.176:5000/ (Press CTRL+C to quit)
192.168.86.166 - - [28/Jul/2021 22:02:09] "GET / HTTP/1.1" 200 -
192.168.86.166 - - [28/Jul/2021 22:02:09] "GET /favicon.ico HTTP/1.1" 404 -

(C:\Projects\python\flask_serverctivate)
Tom@SILVERSURFER /c/Projects/python/flask_server
$